$ bun run --cwd packages/frontend export:web
$ expo export --platform web --clear
React Compiler enabled
Expo Autolinking module resolution enabled
Starting Metro Bundler

warning: Bundler cache is empty, rebuilding (this may take a minute)
 WARN  Attempted to import the module "/home/nate/Oxy/Move/.worktrees/1519-strict-receiver-20261004/node_modules/@noble/hashes/crypto.js" which is not listed in the "exports" of "/home/nate/Oxy/Move/.worktrees/1519-strict-receiver-20261004/node_modules/@noble/hashes" under the requested subpath "./crypto.js". Falling back to file-based resolution. Consider updating the call site or asking the package maintainer(s) to expose this API.
Web Bundled 11372ms node_modules/expo-router/entry.js (3058 modules)

› Assets (28):
../../node_modules/@oxy.so/bloom/lib/module/fonts/assets/BlomusModernus-Bold.c8e4c906b137ccc90f9aa1fbccbe85b2.woff2 (78KB)
../../node_modules/@oxy.so/bloom/lib/module/fonts/assets/BlomusModernus-Regular.6a898c26aeb50e6f31189d06dd2bf3e9.woff2 (78KB)
../../node_modules/@oxy.so/bloom/lib/module/fonts/assets/InterVariable.260c81a4759baf163c025001c4f27872.woff2 (48KB)
../../node_modules/@oxy.so/bloom/lib/module/fonts/assets/JetBrainsMono-Variable.b058178d7f309414f8f856b99fd80d9b.woff2 (40KB)
../../node_modules/@oxy.so/services/lib/module/assets/fonts/icons/OxyServicesIonicons.48b1d8ee549a265d0c1aa67fed7fbca2.ttf (43KB)
../../node_modules/@oxy.so/services/lib/module/assets/fonts/icons/OxyServicesMaterialCommunityIcons.88d575089a17d9d10e08c411fd7105ba.ttf (29KB)
../../node_modules/@oxy.so/services/lib/module/assets/signIn/slide-1.b29a38b76e9e9e426cc152c3a1a56a73.jpg (102KB)
../../node_modules/@oxy.so/services/lib/module/assets/signIn/slide-2.045f767e731a6b2801ce1ea8dbda92f5.jpg (88KB)
../../node_modules/@oxy.so/services/lib/module/assets/signIn/slide-3.32a001447e68adf690be104bddcce0ef.jpg (59KB)
../../node_modules/@oxy.so/services/lib/module/assets/signIn/slide-4.1de81f0781c3c99c5615d0ec8eb5dee6.jpg (47KB)
../../node_modules/expo-router/assets/arrow_down.017bc6ba3fc25503e5eb5e53826d48a8.png (9.5KB)
../../node_modules/expo-router/assets/error.d1ea1496f9057eb392d5bbf3732a61b7.png (469B)
../../node_modules/expo-router/assets/file.19eeb73b9593a38f8e9f418337fc7d10.png (138B)
../../node_modules/expo-router/assets/forward.d8b800c443b8972542883e0b9de2bdc6.png (188B)
../../node_modules/expo-router/assets/pkg.ab19f4cbc543357183a20571f68380a3.png (364B)
../../node_modules/expo-router/assets/react-navigation/elements/back-icon-mask.0a328cd9c1afd0afe8e3b1ec5165b1b4.png (653B)
../../node_modules/expo-router/assets/react-navigation/elements/back-icon.35ba0eaec5a4f5ed12ca16fabeae451d.png (207B)
../../node_modules/expo-router/assets/react-navigation/elements/clear-icon.c94f6478e7ae0cdd9f15de1fcb9e5e55.png (4 variations | 425B)
../../node_modules/expo-router/assets/react-navigation/elements/close-icon.808e1b1b9b53114ec2838071a7e6daa7.png (4 variations | 235B)
../../node_modules/expo-router/assets/react-navigation/elements/search-icon.286d67d3f74808a60a78d3ebf1a5fb57.png (928B)
../../node_modules/expo-router/assets/sitemap.412dd9275b6b48ad28f5e3d81bb1f626.png (465B)
../../node_modules/expo-router/assets/unmatched.20e71bdf79e3a97bf55fd9e164041578.png (4.8KB)

› web bundles (72):
_expo/static/css/global-9319b069381e2d7d9838c9c2833d4a3f.css (53KB)
_expo/static/js/web/__common-c60c7ebda24a4e646a34e88ab13f50cf.js (66KB)
_expo/static/js/web/__expo-metro-runtime-beff96064147bde5b1983fe629d44cbe.js (3.8KB)
_expo/static/js/web/AccountMembersScreen-fa99fe26844731b1f223ffd9285a3168.js (10KB)
_expo/static/js/web/AccountSettingsScreen-4c5a3f2a42dead6dc1c8bee7fa9507a4.js (6KB)
_expo/static/js/web/AccountVerificationScreen-ab1e71e85923e82b6bc35edffbd4cd11.js (4.9KB)
_expo/static/js/web/AppInfoScreen-fcc95e22c73c9e247b57119066a159d1.js (12KB)
_expo/static/js/web/ar-96086fb507405e8442865fbe93cbd4d3.js (178KB)
_expo/static/js/web/ar-SA-91551af1f02fc177d139827510a69f29.js (35KB)
_expo/static/js/web/AvatarCropScreen-24e8690ea7add1b37d8bc828dda607dc.js (21KB)
_expo/static/js/web/bn-f47bab231d185c9087efa64fb5083631.js (173KB)
_expo/static/js/web/ca-6ac18b6ef67207a76bd9422651e9da43.js (67KB)
_expo/static/js/web/ca-ES-1c6f83a7ea018876c68b9eb3908587c6.js (13KB)
_expo/static/js/web/ChangeAvatarScreen-a0fe25579db8f62aa02ac0935f9c5b1a.js (4.3KB)
_expo/static/js/web/ConnectedAppsScreen-570231d5d1185422d4bf8fe8317df900.js (3.1KB)
_expo/static/js/web/CreateAccountScreen-f0e01963734fec98ecb244d2c297b7b2.js (7.5KB)
_expo/static/js/web/de-bc2533c1bd0f7fa94103c694baf7458a.js (66KB)
_expo/static/js/web/de-DE-4c3c405ca85ae0c1107d37d8ff8074cc.js (14KB)
_expo/static/js/web/DeleteAccountScreen-1d28b34406e80840d64116305f3f112c.js (348B)
_expo/static/js/web/DomainsScreen-ffc9e0db4558b3675a82eedef0f7e57b.js (4.4KB)
_expo/static/js/web/EditProfileFieldScreen-65d0ead7156d68c0fd2fd407f026d8c6.js (31KB)
_expo/static/js/web/EditProfileScreen-79f871db2a31f501884e1236e544373f.js (3.5KB)
_expo/static/js/web/entry-d4e398701449e4bb51ccb843b51ffdf6.js (5.2MB)
_expo/static/js/web/es-d1ca3f1b3058cae098884adf5d2d7689.js (67KB)
_expo/static/js/web/es-ES-5e371ae3de73ab3bfbdf622419775aeb.js (67KB)
_expo/static/js/web/FileManagementScreen-7cb9759fe207a2ab91ff0a034048b348.js (103KB)
_expo/static/js/web/FollowersListScreen-a2eed340548f18367ea455c1926ba9f2.js (312B)
_expo/static/js/web/FollowingListScreen-4b5efd0638f4b7dca888ce5a89a3a38b.js (312B)
_expo/static/js/web/fr-d01c1e16a3bd875c5f6a94e988987c1a.js (70KB)
_expo/static/js/web/fr-FR-0ba945d1f1b10a791320e5ad0afa1309.js (14KB)
_expo/static/js/web/Haptics-5ea529c92cd22c56a2d073354f20f443.js (3.6KB)
_expo/static/js/web/HelpSupportScreen-b03775be23aac6aadffa2361cbcbfe26.js (2.9KB)
_expo/static/js/web/hi-e6f9835df7766199d1f640795431c378.js (168KB)
_expo/static/js/web/HistoryViewScreen-da99d5f83d4ecf4a9a9c12eed010c6c9.js (3.9KB)
_expo/static/js/web/id-ac17b979d11c697194d8fded763f42b8.js (61KB)
_expo/static/js/web/ImagePicker-5f2877822acc4bd1d6f23c281a9e4655.js (8.6KB)
_expo/static/js/web/index-719c0b065c97597f3f94057344b92a18.js (13KB)
_expo/static/js/web/index-83967e31ca253f38b1d440504bd24588.js (2.1KB)
_expo/static/js/web/internal-dbfab551d71ab465a5489b03d04677e3.js (2.4KB)
_expo/static/js/web/it-146a01cba3933a49fb6a3fc35e697d21.js (65KB)
_expo/static/js/web/it-IT-817fe60f4efdb782d50997b87562b2c0.js (13KB)
_expo/static/js/web/ja-f0692e3f98c65d61dbf418dce64a297e.js (104KB)
_expo/static/js/web/ja-JP-aa394983e778aa0804b63be4a8d1a641.js (26KB)
_expo/static/js/web/ko-KR-19b85a1f13054344e0ad27d25e9e04c5.js (21KB)
_expo/static/js/web/LanguageSelectorScreen-f2c790a9553d48ac2501a15ff1972808.js (3.6KB)
_expo/static/js/web/LearnMoreUsernamesScreen-3463d44d4fdac640a65b9cdb0c45814d.js (2.5KB)
_expo/static/js/web/LegalDocumentsScreen-57a17e1b8e48572944a4c7010a104012.js (4.4KB)
_expo/static/js/web/LinkCommonsScreen-12eef77cffbf092c869b210424b04492.js (313B)
_expo/static/js/web/ManageAccountScreen-7fae5f2eea8a0312a30d5813df4247fa.js (21KB)
_expo/static/js/web/NotificationsScreen-7e2140a05293f4e14ba1d4818839e4c8.js (3.2KB)
_expo/static/js/web/OxyAccountDialogScreen-22d070ad70d07a84802e555a62f3a54b.js (43KB)
_expo/static/js/web/PaymentGatewayScreen-0d0bd954b3d938ae1d5cbb138eedb418.js (29KB)
_expo/static/js/web/PreferencesScreen-6538ef853ea228758c5f567d1577ac55.js (3.4KB)
_expo/static/js/web/PrivacySettingsScreen-fb4ae059da8f84aef2862a6057383446.js (12KB)
_expo/static/js/web/ProfileScreen-5f52ec733f738a93745a1211d361e621.js (8.3KB)
_expo/static/js/web/pt-066a432c03b799788c87019f628de92b.js (67KB)
_expo/static/js/web/pt-PT-090ef5cbc44fe81f4aefb8d411424d20.js (14KB)
_expo/static/js/web/ru-43e2cb315a9d997d57464d1cdc29a24c.js (199KB)
_expo/static/js/web/SearchSettingsScreen-1462171f01d9aab53ef44ea51bc1cadc.js (2.5KB)
_expo/static/js/web/SignInAuthenticatorScreen-052f51503d2bcdf455dfc7a631e8fc8a.js (315B)
_expo/static/js/web/SignInPasswordScreen-9c39f7b3eb8bd0912868cd908809ffc3.js (355B)
_expo/static/js/web/tr-f86baa5f723a0a762b67652fe3e1ff3e.js (71KB)
_expo/static/js/web/TrustAboutScreen-9d64d1ad90818a1a23b03ffd2c6f60b5.js (2.6KB)
_expo/static/js/web/TrustCenterScreen-589e1c893105df691ef0c02cd6e813b0.js (4.4KB)
_expo/static/js/web/TrustFAQScreen-9beb66aec9c5ffbcb9485fa1ca6a5995.js (1.8KB)
_expo/static/js/web/TrustLeaderboardScreen-25982d1a269a641b38497885024db898.js (4.3KB)
_expo/static/js/web/TrustRewardsScreen-bd7fbca2cd0a5c97c6e1c167bfb53421.js (9.3KB)
_expo/static/js/web/TrustRulesScreen-de617daf3933d0c4ce1ce7e4000153bf.js (2.2KB)
_expo/static/js/web/UserLinksScreen-4e64c05d6d1c2b8b866b2a787e0ec53c.js (1KB)
_expo/static/js/web/WelcomeNewUserScreen-f2ef65b147acb9019416c23258fccb23.js (8.6KB)
_expo/static/js/web/zh-499a211ce669b907455857ebdceb3c0f.js (81KB)
_expo/static/js/web/zh-CN-d2cfecdd69aa1f09e08181005894685c.js (18KB)

› Files (2):
index.html (1.6KB)
metadata.json (49B)

Exported: dist
